[hello-angularjs.appspot.com/index.html]
[backblue.gif]
[fade.gif]
[index.html]
[ajax.googleapis.com/ajax/libs/angularjs/1.2.20/angular.min.js]
[netdna.bootstrapcdn.com/bootstrap/3.3.6/css/bootstrap.min.css]
[www.google-analytics.com/analytics.js]
[hello-angularjs.appspot.com/helloworld.html]
[hello-angularjs.appspot.com/addtablerow.html]
[hello-angularjs.appspot.com/removetablerow.html]
[hello-angularjs.appspot.com/searchtable.html]
[hello-angularjs.appspot.com/sorttablecolumn.html]
[hello-angularjs.appspot.com/angularjs-unit-test-code-example-1.html]
[hello-angularjs.appspot.com/spa.html]
[hello-angularjs.appspot.com/angularjs-filters-examples.html]
[hello-angularjs.appspot.com/angularjs-http-service-ajax-get-code-example.html]
[hello-angularjs.appspot.com/angularjs-http-service-ajax-post-code-example.html]
[hello-angularjs.appspot.com/angularjs-http-service-ajax-post-json-data-code-example.html]
[hello-angularjs.appspot.com/angularjs-restful-apis-get-method-code-example.html]
[hello-angularjs.appspot.com/angularjs-restful-apis-post-method-code-example.html]
[hello-angularjs.appspot.com/angularjs-single-page-app-restful-apis.html]
[hello-angularjs.appspot.com/angularjs-create-custom-services.html]
[hello-angularjs.appspot.com/angularjs-directives-hello-world.html]
[hello-angularjs.appspot.com/angularjs-how-create-custom-directives.html]
[hello-angularjs.appspot.com/angularjs-create-custom-filter.html]
[hello-angularjs.appspot.com/angularjs-non-nested-directives-directives-communication-code-example.html]
[hello-angularjs.appspot.com/kendoui-helloworld.html]
[hello-angularjs.appspot.com/angularjs-interview-questions-set-1.html]
[pagead2.googlesyndication.com/pagead/js/f.txt]
[apis.google.com/js/platform.js]
[hello-angularjs.appspot.com/angularjs-interview-questions-set-2.html]
[ajax.googleapis.com/ajax/libs/jquery/1.11.3/jquery.min.js]
[hello-angularjs.appspot.com/index.html]
[netdna.bootstrapcdn.com/bootstrap/3.3.6/css/bootstrap.min.css]
[hello-angularjs.appspot.com/template/accordion/accordion.1f.delayed]
[hello-angularjs.appspot.com/template/alert/alert.20.delayed]
[hello-angularjs.appspot.com/template/carousel/carousel.21.delayed]
[hello-angularjs.appspot.com/template/carousel/slide.22.delayed]
[hello-angularjs.appspot.com/template/datepicker/datepicker.23.delayed]
[hello-angularjs.appspot.com/template/datepicker/popup.24.delayed]
[hello-angularjs.appspot.com/template/modal/backdrop.25.delayed]
[hello-angularjs.appspot.com/template/modal/window.26.delayed]
[hello-angularjs.appspot.com/template/pagination/pager.27.delayed]
[hello-angularjs.appspot.com/template/pagination/pagination.28.delayed]
[hello-angularjs.appspot.com/template/tooltip/tooltip-html-unsafe-popup.29.delayed]
[hello-angularjs.appspot.com/template/tooltip/tooltip-popup.2a.delayed]
[hello-angularjs.appspot.com/template/popover/popover.2b.delayed]
[hello-angularjs.appspot.com/template/progressbar/bar.2c.delayed]
[hello-angularjs.appspot.com/template/progressbar/progress.2d.delayed]
[hello-angularjs.appspot.com/template/progressbar/progressbar.2e.delayed]
[hello-angularjs.appspot.com/template/rating/rating.2f.delayed]
[hello-angularjs.appspot.com/template/tabs/tab.30.delayed]
[hello-angularjs.appspot.com/template/tabs/tabset.31.delayed]
[hello-angularjs.appspot.com/template/timepicker/timepicker.32.delayed]
[hello-angularjs.appspot.com/template/typeahead/typeahead-match.33.delayed]
[hello-angularjs.appspot.com/template/accordion/accordion-group.34.delayed]
[hello-angularjs.appspot.com/template/tabs/tabset-titles.35.delayed]
[hello-angularjs.appspot.com/template/typeahead/typeahead-popup.36.delayed]
[hello-angularjs.appspot.com/assets/js/ui-bootstrap-tpls-0.9.0.min.js]
[ajax.googleapis.com/ajax/libs/angularjs/1.2.19/angular.min.js]
[ajax.googleapis.com/ajax/libs/angularjs/1.2.18/angular-resource.js]
[hello-angularjs.appspot.com/helloworld.html]
[hello-angularjs.appspot.com/addtablerow.html]
[hello-angularjs.appspot.com/removetablerow.html]
[hello-angularjs.appspot.com/searchtable.html]
[hello-angularjs.appspot.com/sorttablecolumn.html]
[ajax.googleapis.com/ajax/libs/angularjs/1.2.18/angular-route.js]
[hello-angularjs.appspot.com/spa.html]
[hello-angularjs.appspot.com/angularjs-unit-test-code-example-1.html]
[ajax.googleapis.com/ajax/libs/angularjs/1.2.18/angular-sanitize.js]
[hello-angularjs.appspot.com/angularjs-filters-examples.html]
[hello-angularjs.appspot.com/angularjs-http-service-ajax-get-code-example.html]
[hello-angularjs.appspot.com/angularjs-http-service-ajax-post-code-example.html]
[hello-angularjs.appspot.com/angularjs-http-service-ajax-post-json-data-code-example.html]
[hello-angularjs.appspot.com/angularjs-restful-apis-get-method-code-example.html]
[hello-angularjs.appspot.com/angularjs-restful-apis-post-method-code-example.html]
[hello-angularjs.appspot.com/angularjs-single-page-app-restful-apis.html]
[hello-angularjs.appspot.com/angularjs-create-custom-services.html]
[hello-angularjs.appspot.com/angularjs-directives-hello-world.html]
[ajax.googleapis.com/ajax/libs/angularjs/1.2.21/angular.min.js]
[hello-angularjs.appspot.com/angularjs-how-create-custom-directives.html]
[maxcdn.bootstrapcdn.com/bootstrap/3.3.6/css/bootstrap.min.css]
[ajax.googleapis.com/ajax/libs/angularjs/1.2.23/angular.min.js]
[hello-angularjs.appspot.com/angularjs-create-custom-filter.html]
[ajax.googleapis.com/ajax/libs/angularjs/1.2.24/angular.min.js]
[hello-angularjs.appspot.com/angularjs-non-nested-directives-directives-communication-code-example.html]
[cdn.kendostatic.com/2014.2.716/styles/kendo.common.min.css]
[cdn.kendostatic.com/2014.2.716/styles/kendo.flat.min.css]
[ajax.googleapis.com/ajax/libs/jquery/2.1.1/jquery.min.js]
[hello-angularjs.appspot.com/kendoui-helloworld.html]
[ajax.googleapis.com/ajax/libs/angularjs/1.2.21/angular-sanitize.min.js]
[cdn.kendostatic.com/2014.2.716/js/kendo.angular.min.js]
[hello-angularjs.appspot.com/angularjs-interview-questions-set-1.html]
[hello-angularjs.appspot.com/angularjs-interview-questions-set-2.html]
[hello-angularjs.appspot.com/assets/js/jquery.min.js]
[cdn.kendostatic.com/2014.2.716/js/kendo.all.min.js]
[hello-angularjs.appspot.com/Popover requires tooltip.4b.delayed]
[hello-angularjs.appspot.com/bootstrap/js/bootstrap.min.js]
[hello-angularjs.appspot.com/template/accordion/accordion.html]
[hello-angularjs.appspot.com/template/alert/alert.html]
[hello-angularjs.appspot.com/template/carousel/carousel.html]
[hello-angularjs.appspot.com/template/carousel/slide.html]
[hello-angularjs.appspot.com/template/datepicker/datepicker.html]
[hello-angularjs.appspot.com/template/datepicker/popup.html]
[hello-angularjs.appspot.com/template/modal/backdrop.html]
[hello-angularjs.appspot.com/template/modal/window.html]
[hello-angularjs.appspot.com/template/pagination/pager.html]
[hello-angularjs.appspot.com/template/pagination/pagination.html]
[hello-angularjs.appspot.com/template/tooltip/tooltip-html-unsafe-popup.html]
[hello-angularjs.appspot.com/template/tooltip/tooltip-popup.html]
[hello-angularjs.appspot.com/template/popover/popover.html]
[hello-angularjs.appspot.com/template/progressbar/bar.html]
[hello-angularjs.appspot.com/template/progressbar/progress.html]
[hello-angularjs.appspot.com/template/progressbar/progressbar.html]
[hello-angularjs.appspot.com/template/rating/rating.html]
[hello-angularjs.appspot.com/template/tabs/tab.html]
[hello-angularjs.appspot.com/template/tabs/tabset.html]
[hello-angularjs.appspot.com/template/timepicker/timepicker.html]
[hello-angularjs.appspot.com/template/typeahead/typeahead-match.html]
[hello-angularjs.appspot.com/template/accordion/accordion-group.html]
[hello-angularjs.appspot.com/template/tabs/tabset-titles.html]
[hello-angularjs.appspot.com/template/typeahead/typeahead-popup.html]
[hello-angularjs.appspot.com/assets/js/controllers.js]
[hello-angularjs.appspot.com/assets/js/myangular.js]
[hello-angularjs.appspot.com/assets/js/spa_restful.js]
[hello-angularjs.appspot.com/assets/js/app.js]
[maxcdn.bootstrapcdn.com/bootstrap/3.3.6/css/bootstrap.min.css]
[hello-angularjs.appspot.com/assets/js/nddcapp.js]
[cdn.kendostatic.com/2014.2.716/styles/textures/transtexture.png]
[cdn.kendostatic.com/2014.2.716/styles/textures/transparency.png]
[cdn.kendostatic.com/2014.2.716/styles/textures/hue.png]
[cdn.kendostatic.com/2014.2.716/styles/kendo.common.min.css]
[cdn.kendostatic.com/2014.2.716/styles/Flat/sprite.png]
[cdn.kendostatic.com/2014.2.716/styles/Flat/loading.gif]
[cdn.kendostatic.com/2014.2.716/styles/Flat/loading-image.gif]
[cdn.kendostatic.com/2014.2.716/styles/Flat/indeterminate.gif]
[cdn.kendostatic.com/2014.2.716/styles/Flat/slider-h.gif]
[cdn.kendostatic.com/2014.2.716/styles/Flat/slider-v.gif]
[cdn.kendostatic.com/2014.2.716/styles/Flat/imagebrowser.png]
[cdn.kendostatic.com/2014.2.716/styles/kendo.flat.min.css]
[cdn.kendostatic.com/2014.2.716/styles/Flat/sprite_2x.png]
[hello-angularjs.appspot.com/n.57.delayed]
[hello-angularjs.appspot.com/POST.58.delayed]
[cdn.kendostatic.com/2014.2.716/js/kendo.all.min.js]
[cdn.kendostatic.com/2014.2.716/js/kendo.angular.min.js]
[hello-angularjs.appspot.com/assets/js/quizapp.js]
[hello-angularjs.appspot.com/Popover requires tooltip.html]
[hello-angularjs.appspot.com/n.html]
[hello-angularjs.appspot.com/POST.html]
